=== 2026-07-12T07:13:56.763Z pid=663156 unhandledRejection ===
--- error ---
Canceled: Canceled
Canceled: Canceled
	at new CanceledLazyPromise (file:///opt/puku-editor/resources/app/out/vs/workbench/api/node/extensionHostProcess.js:16172:17)
	at _RPCProtocol._remoteCall (file:///opt/puku-editor/resources/app/out/vs/workbench/api/node/extensionHostProcess.js:16543:14)
	at target.<computed> (file:///opt/puku-editor/resources/app/out/vs/workbench/api/node/extensionHostProcess.js:16359:25)
	at ExtHostCommands2._doExecuteCommand (file:///opt/puku-editor/resources/app/out/vs/workbench/api/node/extensionHostProcess.js:47861:42)
	at ExtHostCommands2.executeCommand (file:///opt/puku-editor/resources/app/out/vs/workbench/api/node/extensionHostProcess.js:47829:17)
	at Object.executeCommand (file:///opt/puku-editor/resources/app/out/vs/workbench/api/node/extensionHostProcess.js:93235:32)
	at $W.flushPendingPersist (/opt/puku-editor/resources/app/extensions/puku-editor/dist/extension.js:6382:2252)
	at $W.dispose (/opt/puku-editor/resources/app/extensions/puku-editor/dist/extension.js:6382:2325)
	at Rh (/opt/puku-editor/resources/app/extensions/puku-editor/dist/extension.js:6:15193)
	at n.clear (/opt/puku-editor/resources/app/extensions/puku-editor/dist/extension.js:23:862)
	at n.dispose (/opt/puku-editor/resources/app/extensions/puku-editor/dist/extension.js:23:772)
	at IB.dispose (/opt/puku-editor/resources/app/extensions/puku-editor/dist/extension.js:23:1685)
	at dispose (file:///opt/puku-editor/resources/app/out/vs/workbench/api/node/extensionHostProcess.js:2390:13)
	at FunctionDisposable._fn (file:///opt/puku-editor/resources/app/out/vs/workbench/api/node/extensionHostProcess.js:52807:9)
	at FunctionDisposable.dispose (file:///opt/puku-editor/resources/app/out/vs/workbench/api/node/extensionHostProcess.js:2427:10)
	at ExtHostExtensionService._deactivate (file:///opt/puku-editor/resources/app/out/vs/workbench/api/node/extensionHostProcess.js:52658:28)
	at file:///opt/puku-editor/resources/app/out/vs/workbench/api/node/extensionHostProcess.js:52521:21
	at Array.map (<anonymous>)
	at ExtHostExtensionService._deactivateAll (file:///opt/puku-editor/resources/app/out/vs/workbench/api/node/extensionHostProcess.js:52520:41)
	at ExtHostExtensionService.terminate (file:///opt/puku-editor/resources/app/out/vs/workbench/api/node/extensionHostProcess.js:52540:40)
	at _ExtensionHostMain.terminate (file:///opt/puku-editor/resources/app/out/vs/workbench/api/node/extensionHostProcess.js:53479:28)
	at onTerminate (file:///opt/puku-editor/resources/app/out/vs/workbench/api/node/extensionHostProcess.js:102391:47)
	at MessagePortMain.<anonymous> (file:///opt/puku-editor/resources/app/out/vs/workbench/api/node/extensionHostProcess.js:102092:11)
	at MessagePortMain.emit (node:events:519:28)
	at MessagePortMain._internalPort.emit (node:electron/js2c/utility_init:2:2949)
	at Object.callbackTrampoline (node:internal/async_hooks:130:17)

=== 2026-07-12T07:13:56.764Z pid=663156 unhandledRejection ===
--- error ---
Canceled: Canceled
Canceled: Canceled
	at new CanceledLazyPromise (file:///opt/puku-editor/resources/app/out/vs/workbench/api/node/extensionHostProcess.js:16172:17)
	at _RPCProtocol._remoteCall (file:///opt/puku-editor/resources/app/out/vs/workbench/api/node/extensionHostProcess.js:16543:14)
	at target.<computed> (file:///opt/puku-editor/resources/app/out/vs/workbench/api/node/extensionHostProcess.js:16359:25)
	at ExtHostCommands2._doExecuteCommand (file:///opt/puku-editor/resources/app/out/vs/workbench/api/node/extensionHostProcess.js:47861:42)
	at ExtHostCommands2.executeCommand (file:///opt/puku-editor/resources/app/out/vs/workbench/api/node/extensionHostProcess.js:47829:17)
	at registration.registerCommand.description (file:///opt/puku-editor/resources/app/out/vs/workbench/api/node/extensionHostProcess.js:47794:41)
	at ExtHostCommands2._executeContributedCommand (file:///opt/puku-editor/resources/app/out/vs/workbench/api/node/extensionHostProcess.js:47889:29)
	at ExtHostCommands2._doExecuteCommand (file:///opt/puku-editor/resources/app/out/vs/workbench/api/node/extensionHostProcess.js:47834:19)
	at ExtHostCommands2.executeCommand (file:///opt/puku-editor/resources/app/out/vs/workbench/api/node/extensionHostProcess.js:47829:17)
	at Object.executeCommand (file:///opt/puku-editor/resources/app/out/vs/workbench/api/node/extensionHostProcess.js:93235:32)
	at UniqueContainer.L [as value] (/opt/puku-editor/resources/app/extensions/git/dist/main.js:2:715847)
	at Emitter._deliver (file:///opt/puku-editor/resources/app/out/vs/workbench/api/node/extensionHostProcess.js:3522:16)
	at Emitter._deliverQueue (file:///opt/puku-editor/resources/app/out/vs/workbench/api/node/extensionHostProcess.js:3531:12)
	at Emitter.fire (file:///opt/puku-editor/resources/app/out/vs/workbench/api/node/extensionHostProcess.js:3551:12)
	at Object.v [as dispose] (/opt/puku-editor/resources/app/extensions/git/dist/main.js:2:122718)
	at /opt/puku-editor/resources/app/extensions/git/dist/main.js:2:129250
	at Array.forEach (<anonymous>)
	at Object.dispose (/opt/puku-editor/resources/app/extensions/git/dist/main.js:2:129237)
	at Disposable3.<anonymous> (file:///opt/puku-editor/resources/app/out/vs/workbench/api/node/extensionHostProcess.js:35214:24)
	at Disposable3.dispose (file:///opt/puku-editor/resources/app/out/vs/workbench/api/node/extensionHostProcess.js:35227:26)
	at Disposable3.<anonymous> (/opt/puku-editor/resources/app/extensions/git/dist/main.js:2:718308)
	at Disposable3.dispose (file:///opt/puku-editor/resources/app/out/vs/workbench/api/node/extensionHostProcess.js:35227:26)
	at dispose (file:///opt/puku-editor/resources/app/out/vs/workbench/api/node/extensionHostProcess.js:2390:13)
	at FunctionDisposable._fn (file:///opt/puku-editor/resources/app/out/vs/workbench/api/node/extensionHostProcess.js:52807:9)
	at FunctionDisposable.dispose (file:///opt/puku-editor/resources/app/out/vs/workbench/api/node/extensionHostProcess.js:2427:10)
	at ExtHostExtensionService._deactivate (file:///opt/puku-editor/resources/app/out/vs/workbench/api/node/extensionHostProcess.js:52658:28)
	at file:///opt/puku-editor/resources/app/out/vs/workbench/api/node/extensionHostProcess.js:52521:21
	at Array.map (<anonymous>)
	at ExtHostExtensionService._deactivateAll (file:///opt/puku-editor/resources/app/out/vs/workbench/api/node/extensionHostProcess.js:52520:41)
	at ExtHostExtensionService.terminate (file:///opt/puku-editor/resources/app/out/vs/workbench/api/node/extensionHostProcess.js:52540:40)
	at _ExtensionHostMain.terminate (file:///opt/puku-editor/resources/app/out/vs/workbench/api/node/extensionHostProcess.js:53479:28)
	at onTerminate (file:///opt/puku-editor/resources/app/out/vs/workbench/api/node/extensionHostProcess.js:102391:47)
	at MessagePortMain.<anonymous> (file:///opt/puku-editor/resources/app/out/vs/workbench/api/node/extensionHostProcess.js:102092:11)
	at MessagePortMain.emit (node:events:519:28)
	at MessagePortMain._internalPort.emit (node:electron/js2c/utility_init:2:2949)
	at Object.callbackTrampoline (node:internal/async_hooks:130:17)

=== 2026-07-12T07:13:56.765Z pid=663156 unhandledRejection ===
--- error ---
Canceled: Canceled
Canceled: Canceled
	at new CanceledLazyPromise (file:///opt/puku-editor/resources/app/out/vs/workbench/api/node/extensionHostProcess.js:16172:17)
	at _RPCProtocol._remoteCall (file:///opt/puku-editor/resources/app/out/vs/workbench/api/node/extensionHostProcess.js:16543:14)
	at target.<computed> (file:///opt/puku-editor/resources/app/out/vs/workbench/api/node/extensionHostProcess.js:16359:25)
	at ExtHostCommands2._doExecuteCommand (file:///opt/puku-editor/resources/app/out/vs/workbench/api/node/extensionHostProcess.js:47861:42)
	at ExtHostCommands2.executeCommand (file:///opt/puku-editor/resources/app/out/vs/workbench/api/node/extensionHostProcess.js:47829:17)
	at registration.registerCommand.description (file:///opt/puku-editor/resources/app/out/vs/workbench/api/node/extensionHostProcess.js:47794:41)
	at ExtHostCommands2._executeContributedCommand (file:///opt/puku-editor/resources/app/out/vs/workbench/api/node/extensionHostProcess.js:47889:29)
	at ExtHostCommands2._doExecuteCommand (file:///opt/puku-editor/resources/app/out/vs/workbench/api/node/extensionHostProcess.js:47834:19)
	at ExtHostCommands2.executeCommand (file:///opt/puku-editor/resources/app/out/vs/workbench/api/node/extensionHostProcess.js:47829:17)
	at Object.executeCommand (file:///opt/puku-editor/resources/app/out/vs/workbench/api/node/extensionHostProcess.js:93235:32)
	at set hasGitHubRepositories (file:///opt/puku-editor/resources/app/extensions/github/dist/extension.js:2:172814)
	at file:///opt/puku-editor/resources/app/extensions/github/dist/extension.js:2:173575
	at UniqueContainer.value (/opt/puku-editor/resources/app/extensions/git/dist/main.js:2:397173)
	at Emitter._deliver (file:///opt/puku-editor/resources/app/out/vs/workbench/api/node/extensionHostProcess.js:3522:16)
	at Emitter._deliverQueue (file:///opt/puku-editor/resources/app/out/vs/workbench/api/node/extensionHostProcess.js:3531:12)
	at Emitter.fire (file:///opt/puku-editor/resources/app/out/vs/workbench/api/node/extensionHostProcess.js:3551:12)
	at Object.v [as dispose] (/opt/puku-editor/resources/app/extensions/git/dist/main.js:2:122718)
	at /opt/puku-editor/resources/app/extensions/git/dist/main.js:2:129250
	at Array.forEach (<anonymous>)
	at Object.dispose (/opt/puku-editor/resources/app/extensions/git/dist/main.js:2:129237)
	at Disposable3.<anonymous> (file:///opt/puku-editor/resources/app/out/vs/workbench/api/node/extensionHostProcess.js:35214:24)
	at Disposable3.dispose (file:///opt/puku-editor/resources/app/out/vs/workbench/api/node/extensionHostProcess.js:35227:26)
	at Disposable3.<anonymous> (/opt/puku-editor/resources/app/extensions/git/dist/main.js:2:718308)
	at Disposable3.dispose (file:///opt/puku-editor/resources/app/out/vs/workbench/api/node/extensionHostProcess.js:35227:26)
	at dispose (file:///opt/puku-editor/resources/app/out/vs/workbench/api/node/extensionHostProcess.js:2390:13)
	at FunctionDisposable._fn (file:///opt/puku-editor/resources/app/out/vs/workbench/api/node/extensionHostProcess.js:52807:9)
	at FunctionDisposable.dispose (file:///opt/puku-editor/resources/app/out/vs/workbench/api/node/extensionHostProcess.js:2427:10)
	at ExtHostExtensionService._deactivate (file:///opt/puku-editor/resources/app/out/vs/workbench/api/node/extensionHostProcess.js:52658:28)
	at file:///opt/puku-editor/resources/app/out/vs/workbench/api/node/extensionHostProcess.js:52521:21
	at Array.map (<anonymous>)
	at ExtHostExtensionService._deactivateAll (file:///opt/puku-editor/resources/app/out/vs/workbench/api/node/extensionHostProcess.js:52520:41)
	at ExtHostExtensionService.terminate (file:///opt/puku-editor/resources/app/out/vs/workbench/api/node/extensionHostProcess.js:52540:40)
	at _ExtensionHostMain.terminate (file:///opt/puku-editor/resources/app/out/vs/workbench/api/node/extensionHostProcess.js:53479:28)
	at onTerminate (file:///opt/puku-editor/resources/app/out/vs/workbench/api/node/extensionHostProcess.js:102391:47)
	at MessagePortMain.<anonymous> (file:///opt/puku-editor/resources/app/out/vs/workbench/api/node/extensionHostProcess.js:102092:11)
	at MessagePortMain.emit (node:events:519:28)
	at MessagePortMain._internalPort.emit (node:electron/js2c/utility_init:2:2949)
	at Object.callbackTrampoline (node:internal/async_hooks:130:17)

=== 2026-07-12T07:13:56.765Z pid=663156 unhandledRejection ===
--- error ---
Canceled: Canceled
Canceled: Canceled
	at new CanceledLazyPromise (file:///opt/puku-editor/resources/app/out/vs/workbench/api/node/extensionHostProcess.js:16172:17)
	at _RPCProtocol._remoteCall (file:///opt/puku-editor/resources/app/out/vs/workbench/api/node/extensionHostProcess.js:16543:14)
	at target.<computed> (file:///opt/puku-editor/resources/app/out/vs/workbench/api/node/extensionHostProcess.js:16359:25)
	at ExtHostCommands2._doExecuteCommand (file:///opt/puku-editor/resources/app/out/vs/workbench/api/node/extensionHostProcess.js:47861:42)
	at ExtHostCommands2.executeCommand (file:///opt/puku-editor/resources/app/out/vs/workbench/api/node/extensionHostProcess.js:47829:17)
	at registration.registerCommand.description (file:///opt/puku-editor/resources/app/out/vs/workbench/api/node/extensionHostProcess.js:47794:41)
	at ExtHostCommands2._executeContributedCommand (file:///opt/puku-editor/resources/app/out/vs/workbench/api/node/extensionHostProcess.js:47889:29)
	at ExtHostCommands2._doExecuteCommand (file:///opt/puku-editor/resources/app/out/vs/workbench/api/node/extensionHostProcess.js:47834:19)
	at ExtHostCommands2.executeCommand (file:///opt/puku-editor/resources/app/out/vs/workbench/api/node/extensionHostProcess.js:47829:17)
	at Object.executeCommand (file:///opt/puku-editor/resources/app/out/vs/workbench/api/node/extensionHostProcess.js:93235:32)
	at AY.updateReviewDiffReposContext (/opt/puku-editor/resources/app/extensions/puku-editor/dist/extension.js:7475:23090)
	at AY.updateRepositoryListeners (/opt/puku-editor/resources/app/extensions/puku-editor/dist/extension.js:7475:22860)
	at /opt/puku-editor/resources/app/extensions/puku-editor/dist/extension.js:7475:22698
	at UniqueContainer.value (/opt/puku-editor/resources/app/extensions/git/dist/main.js:2:397173)
	at Emitter._deliver (file:///opt/puku-editor/resources/app/out/vs/workbench/api/node/extensionHostProcess.js:3522:16)
	at Emitter._deliverQueue (file:///opt/puku-editor/resources/app/out/vs/workbench/api/node/extensionHostProcess.js:3531:12)
	at Emitter.fire (file:///opt/puku-editor/resources/app/out/vs/workbench/api/node/extensionHostProcess.js:3551:12)
	at Object.v [as dispose] (/opt/puku-editor/resources/app/extensions/git/dist/main.js:2:122718)
	at /opt/puku-editor/resources/app/extensions/git/dist/main.js:2:129250
	at Array.forEach (<anonymous>)
	at Object.dispose (/opt/puku-editor/resources/app/extensions/git/dist/main.js:2:129237)
	at Disposable3.<anonymous> (file:///opt/puku-editor/resources/app/out/vs/workbench/api/node/extensionHostProcess.js:35214:24)
	at Disposable3.dispose (file:///opt/puku-editor/resources/app/out/vs/workbench/api/node/extensionHostProcess.js:35227:26)
	at Disposable3.<anonymous> (/opt/puku-editor/resources/app/extensions/git/dist/main.js:2:718308)
	at Disposable3.dispose (file:///opt/puku-editor/resources/app/out/vs/workbench/api/node/extensionHostProcess.js:35227:26)
	at dispose (file:///opt/puku-editor/resources/app/out/vs/workbench/api/node/extensionHostProcess.js:2390:13)
	at FunctionDisposable._fn (file:///opt/puku-editor/resources/app/out/vs/workbench/api/node/extensionHostProcess.js:52807:9)
	at FunctionDisposable.dispose (file:///opt/puku-editor/resources/app/out/vs/workbench/api/node/extensionHostProcess.js:2427:10)
	at ExtHostExtensionService._deactivate (file:///opt/puku-editor/resources/app/out/vs/workbench/api/node/extensionHostProcess.js:52658:28)
	at file:///opt/puku-editor/resources/app/out/vs/workbench/api/node/extensionHostProcess.js:52521:21
	at Array.map (<anonymous>)
	at ExtHostExtensionService._deactivateAll (file:///opt/puku-editor/resources/app/out/vs/workbench/api/node/extensionHostProcess.js:52520:41)
	at ExtHostExtensionService.terminate (file:///opt/puku-editor/resources/app/out/vs/workbench/api/node/extensionHostProcess.js:52540:40)
	at _ExtensionHostMain.terminate (file:///opt/puku-editor/resources/app/out/vs/workbench/api/node/extensionHostProcess.js:53479:28)
	at onTerminate (file:///opt/puku-editor/resources/app/out/vs/workbench/api/node/extensionHostProcess.js:102391:47)
	at MessagePortMain.<anonymous> (file:///opt/puku-editor/resources/app/out/vs/workbench/api/node/extensionHostProcess.js:102092:11)
	at MessagePortMain.emit (node:events:519:28)
	at MessagePortMain._internalPort.emit (node:electron/js2c/utility_init:2:2949)
	at Object.callbackTrampoline (node:internal/async_hooks:130:17)

=== 2026-07-12T07:13:56.766Z pid=663156 unhandledRejection ===
--- error ---
Canceled: Canceled
Canceled: Canceled
	at new CanceledLazyPromise (file:///opt/puku-editor/resources/app/out/vs/workbench/api/node/extensionHostProcess.js:16172:17)
	at _RPCProtocol._remoteCall (file:///opt/puku-editor/resources/app/out/vs/workbench/api/node/extensionHostProcess.js:16543:14)
	at target.<computed> (file:///opt/puku-editor/resources/app/out/vs/workbench/api/node/extensionHostProcess.js:16359:25)
	at ExtHostCommands2._doExecuteCommand (file:///opt/puku-editor/resources/app/out/vs/workbench/api/node/extensionHostProcess.js:47861:42)
	at ExtHostCommands2.executeCommand (file:///opt/puku-editor/resources/app/out/vs/workbench/api/node/extensionHostProcess.js:47829:17)
	at registration.registerCommand.description (file:///opt/puku-editor/resources/app/out/vs/workbench/api/node/extensionHostProcess.js:47794:41)
	at ExtHostCommands2._executeContributedCommand (file:///opt/puku-editor/resources/app/out/vs/workbench/api/node/extensionHostProcess.js:47889:29)
	at ExtHostCommands2._doExecuteCommand (file:///opt/puku-editor/resources/app/out/vs/workbench/api/node/extensionHostProcess.js:47834:19)
	at ExtHostCommands2.executeCommand (file:///opt/puku-editor/resources/app/out/vs/workbench/api/node/extensionHostProcess.js:47829:17)
	at Object.executeCommand (file:///opt/puku-editor/resources/app/out/vs/workbench/api/node/extensionHostProcess.js:93235:32)
	at vIn (/opt/puku-editor/resources/app/extensions/puku-editor/dist/extension.js:7474:6816)
	at Object.dispose (/opt/puku-editor/resources/app/extensions/puku-editor/dist/extension.js:7474:6766)
	at Rh (/opt/puku-editor/resources/app/extensions/puku-editor/dist/extension.js:6:15193)
	at n.clear (/opt/puku-editor/resources/app/extensions/puku-editor/dist/extension.js:23:862)
	at n.dispose (/opt/puku-editor/resources/app/extensions/puku-editor/dist/extension.js:23:772)
	at P2e.dispose (/opt/puku-editor/resources/app/extensions/puku-editor/dist/extension.js:23:1685)
	at Rh (/opt/puku-editor/resources/app/extensions/puku-editor/dist/extension.js:6:15193)
	at n.clear (/opt/puku-editor/resources/app/extensions/puku-editor/dist/extension.js:23:862)
	at n.dispose (/opt/puku-editor/resources/app/extensions/puku-editor/dist/extension.js:23:772)
	at R2e.dispose (/opt/puku-editor/resources/app/extensions/puku-editor/dist/extension.js:23:1685)
	at n.dispose (/opt/puku-editor/resources/app/extensions/puku-editor/dist/extension.js:30:480)
	at dispose (file:///opt/puku-editor/resources/app/out/vs/workbench/api/node/extensionHostProcess.js:2390:13)
	at FunctionDisposable._fn (file:///opt/puku-editor/resources/app/out/vs/workbench/api/node/extensionHostProcess.js:52807:9)
	at FunctionDisposable.dispose (file:///opt/puku-editor/resources/app/out/vs/workbench/api/node/extensionHostProcess.js:2427:10)
	at ExtHostExtensionService._deactivate (file:///opt/puku-editor/resources/app/out/vs/workbench/api/node/extensionHostProcess.js:52658:28)
	at file:///opt/puku-editor/resources/app/out/vs/workbench/api/node/extensionHostProcess.js:52521:21
	at Array.map (<anonymous>)
	at ExtHostExtensionService._deactivateAll (file:///opt/puku-editor/resources/app/out/vs/workbench/api/node/extensionHostProcess.js:52520:41)
	at ExtHostExtensionService.terminate (file:///opt/puku-editor/resources/app/out/vs/workbench/api/node/extensionHostProcess.js:52540:40)
	at _ExtensionHostMain.terminate (file:///opt/puku-editor/resources/app/out/vs/workbench/api/node/extensionHostProcess.js:53479:28)
	at onTerminate (file:///opt/puku-editor/resources/app/out/vs/workbench/api/node/extensionHostProcess.js:102391:47)
	at MessagePortMain.<anonymous> (file:///opt/puku-editor/resources/app/out/vs/workbench/api/node/extensionHostProcess.js:102092:11)
	at MessagePortMain.emit (node:events:519:28)
	at MessagePortMain._internalPort.emit (node:electron/js2c/utility_init:2:2949)
	at Object.callbackTrampoline (node:internal/async_hooks:130:17)

=== 2026-07-12T07:13:56.766Z pid=663156 unhandledRejection ===
--- error ---
Canceled: Canceled
Canceled: Canceled
	at new CanceledLazyPromise (file:///opt/puku-editor/resources/app/out/vs/workbench/api/node/extensionHostProcess.js:16172:17)
	at _RPCProtocol._remoteCall (file:///opt/puku-editor/resources/app/out/vs/workbench/api/node/extensionHostProcess.js:16543:14)
	at target.<computed> (file:///opt/puku-editor/resources/app/out/vs/workbench/api/node/extensionHostProcess.js:16359:25)
	at ExtHostCommands2._doExecuteCommand (file:///opt/puku-editor/resources/app/out/vs/workbench/api/node/extensionHostProcess.js:47861:42)
	at ExtHostCommands2.executeCommand (file:///opt/puku-editor/resources/app/out/vs/workbench/api/node/extensionHostProcess.js:47829:17)
	at registration.registerCommand.description (file:///opt/puku-editor/resources/app/out/vs/workbench/api/node/extensionHostProcess.js:47794:41)
	at ExtHostCommands2._executeContributedCommand (file:///opt/puku-editor/resources/app/out/vs/workbench/api/node/extensionHostProcess.js:47889:29)
	at ExtHostCommands2._doExecuteCommand (file:///opt/puku-editor/resources/app/out/vs/workbench/api/node/extensionHostProcess.js:47834:19)
	at ExtHostCommands2.executeCommand (file:///opt/puku-editor/resources/app/out/vs/workbench/api/node/extensionHostProcess.js:47829:17)
	at Object.executeCommand (file:///opt/puku-editor/resources/app/out/vs/workbench/api/node/extensionHostProcess.js:93235:32)
	at vIn (/opt/puku-editor/resources/app/extensions/puku-editor/dist/extension.js:7474:6816)
	at Object.dispose (/opt/puku-editor/resources/app/extensions/puku-editor/dist/extension.js:7474:6766)
	at Rh (/opt/puku-editor/resources/app/extensions/puku-editor/dist/extension.js:6:15193)
	at n.clear (/opt/puku-editor/resources/app/extensions/puku-editor/dist/extension.js:23:862)
	at n.dispose (/opt/puku-editor/resources/app/extensions/puku-editor/dist/extension.js:23:772)
	at P2e.dispose (/opt/puku-editor/resources/app/extensions/puku-editor/dist/extension.js:23:1685)
	at Rh (/opt/puku-editor/resources/app/extensions/puku-editor/dist/extension.js:6:15193)
	at n.clear (/opt/puku-editor/resources/app/extensions/puku-editor/dist/extension.js:23:862)
	at n.dispose (/opt/puku-editor/resources/app/extensions/puku-editor/dist/extension.js:23:772)
	at R2e.dispose (/opt/puku-editor/resources/app/extensions/puku-editor/dist/extension.js:23:1685)
	at n.dispose (/opt/puku-editor/resources/app/extensions/puku-editor/dist/extension.js:30:480)
	at dispose (file:///opt/puku-editor/resources/app/out/vs/workbench/api/node/extensionHostProcess.js:2390:13)
	at FunctionDisposable._fn (file:///opt/puku-editor/resources/app/out/vs/workbench/api/node/extensionHostProcess.js:52807:9)
	at FunctionDisposable.dispose (file:///opt/puku-editor/resources/app/out/vs/workbench/api/node/extensionHostProcess.js:2427:10)
	at ExtHostExtensionService._deactivate (file:///opt/puku-editor/resources/app/out/vs/workbench/api/node/extensionHostProcess.js:52658:28)
	at file:///opt/puku-editor/resources/app/out/vs/workbench/api/node/extensionHostProcess.js:52521:21
	at Array.map (<anonymous>)
	at ExtHostExtensionService._deactivateAll (file:///opt/puku-editor/resources/app/out/vs/workbench/api/node/extensionHostProcess.js:52520:41)
	at ExtHostExtensionService.terminate (file:///opt/puku-editor/resources/app/out/vs/workbench/api/node/extensionHostProcess.js:52540:40)
	at _ExtensionHostMain.terminate (file:///opt/puku-editor/resources/app/out/vs/workbench/api/node/extensionHostProcess.js:53479:28)
	at onTerminate (file:///opt/puku-editor/resources/app/out/vs/workbench/api/node/extensionHostProcess.js:102391:47)
	at MessagePortMain.<anonymous> (file:///opt/puku-editor/resources/app/out/vs/workbench/api/node/extensionHostProcess.js:102092:11)
	at MessagePortMain.emit (node:events:519:28)
	at MessagePortMain._internalPort.emit (node:electron/js2c/utility_init:2:2949)
	at Object.callbackTrampoline (node:internal/async_hooks:130:17)

=== 2026-07-12T07:13:56.766Z pid=663156 unhandledRejection ===
--- error ---
Canceled: Canceled
Canceled: Canceled
	at new CanceledLazyPromise (file:///opt/puku-editor/resources/app/out/vs/workbench/api/node/extensionHostProcess.js:16172:17)
	at _RPCProtocol._remoteCall (file:///opt/puku-editor/resources/app/out/vs/workbench/api/node/extensionHostProcess.js:16543:14)
	at target.<computed> (file:///opt/puku-editor/resources/app/out/vs/workbench/api/node/extensionHostProcess.js:16359:25)
	at ExtHostCommands2._doExecuteCommand (file:///opt/puku-editor/resources/app/out/vs/workbench/api/node/extensionHostProcess.js:47861:42)
	at ExtHostCommands2.executeCommand (file:///opt/puku-editor/resources/app/out/vs/workbench/api/node/extensionHostProcess.js:47829:17)
	at registration.registerCommand.description (file:///opt/puku-editor/resources/app/out/vs/workbench/api/node/extensionHostProcess.js:47794:41)
	at ExtHostCommands2._executeContributedCommand (file:///opt/puku-editor/resources/app/out/vs/workbench/api/node/extensionHostProcess.js:47889:29)
	at ExtHostCommands2._doExecuteCommand (file:///opt/puku-editor/resources/app/out/vs/workbench/api/node/extensionHostProcess.js:47834:19)
	at ExtHostCommands2.executeCommand (file:///opt/puku-editor/resources/app/out/vs/workbench/api/node/extensionHostProcess.js:47829:17)
	at Object.executeCommand (file:///opt/puku-editor/resources/app/out/vs/workbench/api/node/extensionHostProcess.js:93235:32)
	at n (/opt/puku-editor/resources/app/extensions/typescript-language-features/dist/extension.js:2:154034)
	at Disposable3.<anonymous> (/opt/puku-editor/resources/app/extensions/typescript-language-features/dist/extension.js:2:154207)
	at Disposable3.dispose (file:///opt/puku-editor/resources/app/out/vs/workbench/api/node/extensionHostProcess.js:35227:26)
	at Disposable3.<anonymous> (file:///opt/puku-editor/resources/app/out/vs/workbench/api/node/extensionHostProcess.js:35214:24)
	at Disposable3.dispose (file:///opt/puku-editor/resources/app/out/vs/workbench/api/node/extensionHostProcess.js:35227:26)
	at n (/opt/puku-editor/resources/app/extensions/typescript-language-features/dist/extension.js:2:392597)
	at g.dispose (/opt/puku-editor/resources/app/extensions/typescript-language-features/dist/extension.js:2:392931)
	at n (/opt/puku-editor/resources/app/extensions/typescript-language-features/dist/extension.js:2:392597)
	at P.dispose (/opt/puku-editor/resources/app/extensions/typescript-language-features/dist/extension.js:2:392931)
	at n (/opt/puku-editor/resources/app/extensions/typescript-language-features/dist/extension.js:2:392597)
	at t.DisposableStore.dispose (/opt/puku-editor/resources/app/extensions/typescript-language-features/dist/extension.js:2:392931)
	at l.dispose (/opt/puku-editor/resources/app/extensions/typescript-language-features/dist/extension.js:2:435101)
	at dispose (file:///opt/puku-editor/resources/app/out/vs/workbench/api/node/extensionHostProcess.js:2390:13)
	at FunctionDisposable._fn (file:///opt/puku-editor/resources/app/out/vs/workbench/api/node/extensionHostProcess.js:52807:9)
	at FunctionDisposable.dispose (file:///opt/puku-editor/resources/app/out/vs/workbench/api/node/extensionHostProcess.js:2427:10)
	at ExtHostExtensionService._deactivate (file:///opt/puku-editor/resources/app/out/vs/workbench/api/node/extensionHostProcess.js:52658:28)
	at file:///opt/puku-editor/resources/app/out/vs/workbench/api/node/extensionHostProcess.js:52521:21
	at Array.map (<anonymous>)
	at ExtHostExtensionService._deactivateAll (file:///opt/puku-editor/resources/app/out/vs/workbench/api/node/extensionHostProcess.js:52520:41)
	at ExtHostExtensionService.terminate (file:///opt/puku-editor/resources/app/out/vs/workbench/api/node/extensionHostProcess.js:52540:40)
	at _ExtensionHostMain.terminate (file:///opt/puku-editor/resources/app/out/vs/workbench/api/node/extensionHostProcess.js:53479:28)
	at onTerminate (file:///opt/puku-editor/resources/app/out/vs/workbench/api/node/extensionHostProcess.js:102391:47)
	at MessagePortMain.<anonymous> (file:///opt/puku-editor/resources/app/out/vs/workbench/api/node/extensionHostProcess.js:102092:11)
	at MessagePortMain.emit (node:events:519:28)
	at MessagePortMain._internalPort.emit (node:electron/js2c/utility_init:2:2949)
	at Object.callbackTrampoline (node:internal/async_hooks:130:17)

=== 2026-07-12T07:13:56.767Z pid=663156 unhandledRejection ===
--- error ---
Canceled: Canceled
Canceled: Canceled
	at new CanceledLazyPromise (file:///opt/puku-editor/resources/app/out/vs/workbench/api/node/extensionHostProcess.js:16172:17)
	at _RPCProtocol._remoteCall (file:///opt/puku-editor/resources/app/out/vs/workbench/api/node/extensionHostProcess.js:16543:14)
	at target.<computed> (file:///opt/puku-editor/resources/app/out/vs/workbench/api/node/extensionHostProcess.js:16359:25)
	at ExtHostCommands2._doExecuteCommand (file:///opt/puku-editor/resources/app/out/vs/workbench/api/node/extensionHostProcess.js:47861:42)
	at ExtHostCommands2.executeCommand (file:///opt/puku-editor/resources/app/out/vs/workbench/api/node/extensionHostProcess.js:47829:17)
	at registration.registerCommand.description (file:///opt/puku-editor/resources/app/out/vs/workbench/api/node/extensionHostProcess.js:47794:41)
	at ExtHostCommands2._executeContributedCommand (file:///opt/puku-editor/resources/app/out/vs/workbench/api/node/extensionHostProcess.js:47889:29)
	at ExtHostCommands2._doExecuteCommand (file:///opt/puku-editor/resources/app/out/vs/workbench/api/node/extensionHostProcess.js:47834:19)
	at ExtHostCommands2.executeCommand (file:///opt/puku-editor/resources/app/out/vs/workbench/api/node/extensionHostProcess.js:47829:17)
	at Object.executeCommand (file:///opt/puku-editor/resources/app/out/vs/workbench/api/node/extensionHostProcess.js:93235:32)
	at n (/opt/puku-editor/resources/app/extensions/typescript-language-features/dist/extension.js:2:581216)
	at Disposable3.<anonymous> (/opt/puku-editor/resources/app/extensions/typescript-language-features/dist/extension.js:2:581389)
	at Disposable3.dispose (file:///opt/puku-editor/resources/app/out/vs/workbench/api/node/extensionHostProcess.js:35227:26)
	at Disposable3.<anonymous> (file:///opt/puku-editor/resources/app/out/vs/workbench/api/node/extensionHostProcess.js:35214:24)
	at Disposable3.dispose (file:///opt/puku-editor/resources/app/out/vs/workbench/api/node/extensionHostProcess.js:35227:26)
	at n (/opt/puku-editor/resources/app/extensions/typescript-language-features/dist/extension.js:2:392597)
	at g.dispose (/opt/puku-editor/resources/app/extensions/typescript-language-features/dist/extension.js:2:392931)
	at n (/opt/puku-editor/resources/app/extensions/typescript-language-features/dist/extension.js:2:392597)
	at P.dispose (/opt/puku-editor/resources/app/extensions/typescript-language-features/dist/extension.js:2:392931)
	at n (/opt/puku-editor/resources/app/extensions/typescript-language-features/dist/extension.js:2:392597)
	at t.DisposableStore.dispose (/opt/puku-editor/resources/app/extensions/typescript-language-features/dist/extension.js:2:392931)
	at l.dispose (/opt/puku-editor/resources/app/extensions/typescript-language-features/dist/extension.js:2:435101)
	at dispose (file:///opt/puku-editor/resources/app/out/vs/workbench/api/node/extensionHostProcess.js:2390:13)
	at FunctionDisposable._fn (file:///opt/puku-editor/resources/app/out/vs/workbench/api/node/extensionHostProcess.js:52807:9)
	at FunctionDisposable.dispose (file:///opt/puku-editor/resources/app/out/vs/workbench/api/node/extensionHostProcess.js:2427:10)
	at ExtHostExtensionService._deactivate (file:///opt/puku-editor/resources/app/out/vs/workbench/api/node/extensionHostProcess.js:52658:28)
	at file:///opt/puku-editor/resources/app/out/vs/workbench/api/node/extensionHostProcess.js:52521:21
	at Array.map (<anonymous>)
	at ExtHostExtensionService._deactivateAll (file:///opt/puku-editor/resources/app/out/vs/workbench/api/node/extensionHostProcess.js:52520:41)
	at ExtHostExtensionService.terminate (file:///opt/puku-editor/resources/app/out/vs/workbench/api/node/extensionHostProcess.js:52540:40)
	at _ExtensionHostMain.terminate (file:///opt/puku-editor/resources/app/out/vs/workbench/api/node/extensionHostProcess.js:53479:28)
	at onTerminate (file:///opt/puku-editor/resources/app/out/vs/workbench/api/node/extensionHostProcess.js:102391:47)
	at MessagePortMain.<anonymous> (file:///opt/puku-editor/resources/app/out/vs/workbench/api/node/extensionHostProcess.js:102092:11)
	at MessagePortMain.emit (node:events:519:28)
	at MessagePortMain._internalPort.emit (node:electron/js2c/utility_init:2:2949)
	at Object.callbackTrampoline (node:internal/async_hooks:130:17)

=== 2026-07-12T07:13:56.767Z pid=663156 unhandledRejection ===
--- error ---
Canceled: Canceled
Canceled: Canceled
	at new CanceledLazyPromise (file:///opt/puku-editor/resources/app/out/vs/workbench/api/node/extensionHostProcess.js:16172:17)
	at _RPCProtocol._remoteCall (file:///opt/puku-editor/resources/app/out/vs/workbench/api/node/extensionHostProcess.js:16543:14)
	at target.<computed> (file:///opt/puku-editor/resources/app/out/vs/workbench/api/node/extensionHostProcess.js:16359:25)
	at ExtHostCommands2._doExecuteCommand (file:///opt/puku-editor/resources/app/out/vs/workbench/api/node/extensionHostProcess.js:47861:42)
	at ExtHostCommands2.executeCommand (file:///opt/puku-editor/resources/app/out/vs/workbench/api/node/extensionHostProcess.js:47829:17)
	at registration.registerCommand.description (file:///opt/puku-editor/resources/app/out/vs/workbench/api/node/extensionHostProcess.js:47794:41)
	at ExtHostCommands2._executeContributedCommand (file:///opt/puku-editor/resources/app/out/vs/workbench/api/node/extensionHostProcess.js:47889:29)
	at ExtHostCommands2._doExecuteCommand (file:///opt/puku-editor/resources/app/out/vs/workbench/api/node/extensionHostProcess.js:47834:19)
	at ExtHostCommands2.executeCommand (file:///opt/puku-editor/resources/app/out/vs/workbench/api/node/extensionHostProcess.js:47829:17)
	at Object.executeCommand (file:///opt/puku-editor/resources/app/out/vs/workbench/api/node/extensionHostProcess.js:93235:32)
	at n (/opt/puku-editor/resources/app/extensions/typescript-language-features/dist/extension.js:2:154034)
	at Disposable3.<anonymous> (/opt/puku-editor/resources/app/extensions/typescript-language-features/dist/extension.js:2:154207)
	at Disposable3.dispose (file:///opt/puku-editor/resources/app/out/vs/workbench/api/node/extensionHostProcess.js:35227:26)
	at Disposable3.<anonymous> (file:///opt/puku-editor/resources/app/out/vs/workbench/api/node/extensionHostProcess.js:35214:24)
	at Disposable3.dispose (file:///opt/puku-editor/resources/app/out/vs/workbench/api/node/extensionHostProcess.js:35227:26)
	at n (/opt/puku-editor/resources/app/extensions/typescript-language-features/dist/extension.js:2:392597)
	at g.dispose (/opt/puku-editor/resources/app/extensions/typescript-language-features/dist/extension.js:2:392931)
	at n (/opt/puku-editor/resources/app/extensions/typescript-language-features/dist/extension.js:2:392597)
	at P.dispose (/opt/puku-editor/resources/app/extensions/typescript-language-features/dist/extension.js:2:392931)
	at n (/opt/puku-editor/resources/app/extensions/typescript-language-features/dist/extension.js:2:392597)
	at t.DisposableStore.dispose (/opt/puku-editor/resources/app/extensions/typescript-language-features/dist/extension.js:2:392931)
	at l.dispose (/opt/puku-editor/resources/app/extensions/typescript-language-features/dist/extension.js:2:435101)
	at dispose (file:///opt/puku-editor/resources/app/out/vs/workbench/api/node/extensionHostProcess.js:2390:13)
	at FunctionDisposable._fn (file:///opt/puku-editor/resources/app/out/vs/workbench/api/node/extensionHostProcess.js:52807:9)
	at FunctionDisposable.dispose (file:///opt/puku-editor/resources/app/out/vs/workbench/api/node/extensionHostProcess.js:2427:10)
	at ExtHostExtensionService._deactivate (file:///opt/puku-editor/resources/app/out/vs/workbench/api/node/extensionHostProcess.js:52658:28)
	at file:///opt/puku-editor/resources/app/out/vs/workbench/api/node/extensionHostProcess.js:52521:21
	at Array.map (<anonymous>)
	at ExtHostExtensionService._deactivateAll (file:///opt/puku-editor/resources/app/out/vs/workbench/api/node/extensionHostProcess.js:52520:41)
	at ExtHostExtensionService.terminate (file:///opt/puku-editor/resources/app/out/vs/workbench/api/node/extensionHostProcess.js:52540:40)
	at _ExtensionHostMain.terminate (file:///opt/puku-editor/resources/app/out/vs/workbench/api/node/extensionHostProcess.js:53479:28)
	at onTerminate (file:///opt/puku-editor/resources/app/out/vs/workbench/api/node/extensionHostProcess.js:102391:47)
	at MessagePortMain.<anonymous> (file:///opt/puku-editor/resources/app/out/vs/workbench/api/node/extensionHostProcess.js:102092:11)
	at MessagePortMain.emit (node:events:519:28)
	at MessagePortMain._internalPort.emit (node:electron/js2c/utility_init:2:2949)
	at Object.callbackTrampoline (node:internal/async_hooks:130:17)

=== 2026-07-12T07:13:56.767Z pid=663156 unhandledRejection ===
--- error ---
Canceled: Canceled
Canceled: Canceled
	at new CanceledLazyPromise (file:///opt/puku-editor/resources/app/out/vs/workbench/api/node/extensionHostProcess.js:16172:17)
	at _RPCProtocol._remoteCall (file:///opt/puku-editor/resources/app/out/vs/workbench/api/node/extensionHostProcess.js:16543:14)
	at target.<computed> (file:///opt/puku-editor/resources/app/out/vs/workbench/api/node/extensionHostProcess.js:16359:25)
	at ExtHostCommands2._doExecuteCommand (file:///opt/puku-editor/resources/app/out/vs/workbench/api/node/extensionHostProcess.js:47861:42)
	at ExtHostCommands2.executeCommand (file:///opt/puku-editor/resources/app/out/vs/workbench/api/node/extensionHostProcess.js:47829:17)
	at registration.registerCommand.description (file:///opt/puku-editor/resources/app/out/vs/workbench/api/node/extensionHostProcess.js:47794:41)
	at ExtHostCommands2._executeContributedCommand (file:///opt/puku-editor/resources/app/out/vs/workbench/api/node/extensionHostProcess.js:47889:29)
	at ExtHostCommands2._doExecuteCommand (file:///opt/puku-editor/resources/app/out/vs/workbench/api/node/extensionHostProcess.js:47834:19)
	at ExtHostCommands2.executeCommand (file:///opt/puku-editor/resources/app/out/vs/workbench/api/node/extensionHostProcess.js:47829:17)
	at Object.executeCommand (file:///opt/puku-editor/resources/app/out/vs/workbench/api/node/extensionHostProcess.js:93235:32)
	at n (/opt/puku-editor/resources/app/extensions/typescript-language-features/dist/extension.js:2:581216)
	at Disposable3.<anonymous> (/opt/puku-editor/resources/app/extensions/typescript-language-features/dist/extension.js:2:581389)
	at Disposable3.dispose (file:///opt/puku-editor/resources/app/out/vs/workbench/api/node/extensionHostProcess.js:35227:26)
	at Disposable3.<anonymous> (file:///opt/puku-editor/resources/app/out/vs/workbench/api/node/extensionHostProcess.js:35214:24)
	at Disposable3.dispose (file:///opt/puku-editor/resources/app/out/vs/workbench/api/node/extensionHostProcess.js:35227:26)
	at n (/opt/puku-editor/resources/app/extensions/typescript-language-features/dist/extension.js:2:392597)
	at g.dispose (/opt/puku-editor/resources/app/extensions/typescript-language-features/dist/extension.js:2:392931)
	at n (/opt/puku-editor/resources/app/extensions/typescript-language-features/dist/extension.js:2:392597)
	at P.dispose (/opt/puku-editor/resources/app/extensions/typescript-language-features/dist/extension.js:2:392931)
	at n (/opt/puku-editor/resources/app/extensions/typescript-language-features/dist/extension.js:2:392597)
	at t.DisposableStore.dispose (/opt/puku-editor/resources/app/extensions/typescript-language-features/dist/extension.js:2:392931)
	at l.dispose (/opt/puku-editor/resources/app/extensions/typescript-language-features/dist/extension.js:2:435101)
	at dispose (file:///opt/puku-editor/resources/app/out/vs/workbench/api/node/extensionHostProcess.js:2390:13)
	at FunctionDisposable._fn (file:///opt/puku-editor/resources/app/out/vs/workbench/api/node/extensionHostProcess.js:52807:9)
	at FunctionDisposable.dispose (file:///opt/puku-editor/resources/app/out/vs/workbench/api/node/extensionHostProcess.js:2427:10)
	at ExtHostExtensionService._deactivate (file:///opt/puku-editor/resources/app/out/vs/workbench/api/node/extensionHostProcess.js:52658:28)
	at file:///opt/puku-editor/resources/app/out/vs/workbench/api/node/extensionHostProcess.js:52521:21
	at Array.map (<anonymous>)
	at ExtHostExtensionService._deactivateAll (file:///opt/puku-editor/resources/app/out/vs/workbench/api/node/extensionHostProcess.js:52520:41)
	at ExtHostExtensionService.terminate (file:///opt/puku-editor/resources/app/out/vs/workbench/api/node/extensionHostProcess.js:52540:40)
	at _ExtensionHostMain.terminate (file:///opt/puku-editor/resources/app/out/vs/workbench/api/node/extensionHostProcess.js:53479:28)
	at onTerminate (file:///opt/puku-editor/resources/app/out/vs/workbench/api/node/extensionHostProcess.js:102391:47)
	at MessagePortMain.<anonymous> (file:///opt/puku-editor/resources/app/out/vs/workbench/api/node/extensionHostProcess.js:102092:11)
	at MessagePortMain.emit (node:events:519:28)
	at MessagePortMain._internalPort.emit (node:electron/js2c/utility_init:2:2949)
	at Object.callbackTrampoline (node:internal/async_hooks:130:17)

=== 2026-07-12T07:13:56.767Z pid=663156 unhandledRejection ===
--- error ---
Canceled: Canceled
Canceled: Canceled
	at new CanceledLazyPromise (file:///opt/puku-editor/resources/app/out/vs/workbench/api/node/extensionHostProcess.js:16172:17)
	at _RPCProtocol._remoteCall (file:///opt/puku-editor/resources/app/out/vs/workbench/api/node/extensionHostProcess.js:16543:14)
	at target.<computed> (file:///opt/puku-editor/resources/app/out/vs/workbench/api/node/extensionHostProcess.js:16359:25)
	at file:///opt/puku-editor/resources/app/out/vs/workbench/api/node/extensionHostProcess.js:49861:29
	at process.processTicksAndRejections (node:internal/process/task_queues:105:5)

=== 2026-07-12T07:13:56.767Z pid=663156 unhandledRejection ===
--- error ---
Canceled: Canceled
Canceled: Canceled
	at new CanceledLazyPromise (file:///opt/puku-editor/resources/app/out/vs/workbench/api/node/extensionHostProcess.js:16172:17)
	at _RPCProtocol._remoteCall (file:///opt/puku-editor/resources/app/out/vs/workbench/api/node/extensionHostProcess.js:16543:14)
	at target.<computed> (file:///opt/puku-editor/resources/app/out/vs/workbench/api/node/extensionHostProcess.js:16359:25)
	at file:///opt/puku-editor/resources/app/out/vs/workbench/api/node/extensionHostProcess.js:49861:29
	at process.processTicksAndRejections (node:internal/process/task_queues:105:5)

=== 2026-07-12T07:13:56.767Z pid=663156 unhandledRejection ===
--- error ---
Canceled: Canceled
Canceled: Canceled
	at new CanceledLazyPromise (file:///opt/puku-editor/resources/app/out/vs/workbench/api/node/extensionHostProcess.js:16172:17)
	at _RPCProtocol._remoteCall (file:///opt/puku-editor/resources/app/out/vs/workbench/api/node/extensionHostProcess.js:16543:14)
	at target.<computed> (file:///opt/puku-editor/resources/app/out/vs/workbench/api/node/extensionHostProcess.js:16359:25)
	at file:///opt/puku-editor/resources/app/out/vs/workbench/api/node/extensionHostProcess.js:49861:29
	at process.processTicksAndRejections (node:internal/process/task_queues:105:5)

=== 2026-07-12T07:13:56.767Z pid=663156 unhandledRejection ===
--- error ---
Canceled: Canceled
Canceled: Canceled
	at new CanceledLazyPromise (file:///opt/puku-editor/resources/app/out/vs/workbench/api/node/extensionHostProcess.js:16172:17)
	at _RPCProtocol._remoteCall (file:///opt/puku-editor/resources/app/out/vs/workbench/api/node/extensionHostProcess.js:16543:14)
	at target.<computed> (file:///opt/puku-editor/resources/app/out/vs/workbench/api/node/extensionHostProcess.js:16359:25)
	at file:///opt/puku-editor/resources/app/out/vs/workbench/api/node/extensionHostProcess.js:49861:29
	at process.processTicksAndRejections (node:internal/process/task_queues:105:5)

=== 2026-07-12T07:13:56.770Z pid=663156 exit ===
--- error ---
Error: process.on('exit') fired with code=0
Error: process.on('exit') fired with code=0
	at process.<anonymous> (file:///opt/puku-editor/resources/app/out/vs/workbench/api/node/extensionHostProcess.js:102339:26)
	at process.emit (node:events:531:35)
	at process.exit (node:internal/process/per_thread:240:15)
	at NodeHost.exit (file:///opt/puku-editor/resources/app/out/vs/workbench/api/node/extensionHostProcess.js:102377:7)
	at file:///opt/puku-editor/resources/app/out/vs/workbench/api/node/extensionHostProcess.js:52549:23
	at <anonymous>
	at runNextTicks (node:internal/process/task_queues:65:5)
	at process.processImmediate (node:internal/timers:453:9)
	at process.callbackTrampoline (node:internal/async_hooks:130:17)

